run started pon 07 sep 2026 16:15:05 CEST
SHORT-SKIP light 1065349_NativeFluteOriginal_ChristianHenson_DecentSampler need=182M avail=0M
SHORT-SKIP light 1217_v4_WinterPianoNR_ChristianHenson_DecentSampler need=37M avail=0M
SHORT-SKIP light 12 String Acoustic need=91M avail=0M
SHORT-SKIP light 1417838_ClaustrophobicPianoV2_ChristianHenson need=2316M avail=0M
SHORT-SKIP light 1445258_12OscillatorDoomDrone_ChristianHenson_DS need=61M avail=0M
SHORT-SKIP light 1445643_TheCoolPiano_ChristianHenson need=2317M avail=0M
SHORT-SKIP light 1450796_MGSteelStringHarmonics_MikeGeorgiades_DS need=246M avail=0M
SHORT-SKIP light 1452835_NFOAlternativeChamberStringsLongs_MarcoIannello need=362M avail=0M
SHORT-SKIP light 1453143_TheGaffer_ChristianHenson need=2269M avail=0M
SHORT-SKIP light 1781 - Ganer Square Piano need=2431M avail=0M
SHORT-SKIP light 1796 - Broadwood Piano need=1151M avail=0M
SHORT-SKIP light 1930s Wurlitzer Upright need=179M avail=0M
SHORT-SKIP light 1950s Archer L-1X Crystal Mic Choir need=43M avail=0M
SHORT-SKIP light 1984 Elec. Bass Vantage X-99B 1.0 Lite need=30M avail=0M
SHORT-SKIP light 205404_PalmMutedSchimmel_ChristianHenson_DecentSampler need=66M avail=0M
SHORT-SKIP light 3485_PitchedElectricCeleste_christian-henson_20220303-060600 need=65M avail=0M
SHORT-SKIP light 381243_TheSummerPiano_ChristianHenson_DecentSampler need=1962M avail=0M
SHORT-SKIP light 381249_SummerFelt_ChristianHenson_DecentSampler need=1962M avail=0M
SHORT-SKIP light 381264_TheHebrideanKnight_ChristianHenson_DecentSampler need=903M avail=0M
SHORT-SKIP light 3832_Steinway_JonMeyer_DecentSampler need=336M avail=0M
SHORT-SKIP light 3881_FrozenGlock_dan-keen_DS need=160M avail=0M
SHORT-SKIP light 3dPrintedOcarina_0.0.0 need=8M avail=0M
SHORT-SKIP light 40 voices need=5M avail=0M
SHORT-SKIP light 4390_ElectricSparkles_ChristianHenson_20211220-182300 need=792M avail=0M
SHORT-SKIP light 4833_ShiveringWaves_fred-poirier_20220127-021013 need=26M avail=0M
SHORT-SKIP light 486995_FlannelPiano_ChristianHenson_DecentSampler need=1318M avail=0M
SHORT-SKIP light 4877_WartyDulcitone_christianhenson_20220131-150308 need=291M avail=0M
SHORT-SKIP light 5544_PoshCR78_christianhenson_20220322-090000 need=81M avail=0M
SHORT-SKIP heavy 564663_AutumnPianoBundle_ChristianHenson need=4255M avail=0M
SHORT-SKIP light 60 Clock Ticks (DS) need=0M avail=0M
SHORT-SKIP light 626458_TunnelBodhran_ChristianHenson_DecentSampler need=38M avail=0M
SHORT-SKIP light 657490_FamilyGrandV3_ChristianHenson need=1563M avail=0M
SHORT-SKIP light 67047_SystemsGrand_ChristianHenson_DecentSampler need=125M avail=0M
SHORT-SKIP light 80's Module need=54M avail=0M
SHORT-SKIP light 850_v6_SpringPiano_ChristianHenson_DecentSampler need=258M avail=0M
SHORT-SKIP light 851_v2_AirPianoClean_ChristianHenson_DecentSampler need=1829M avail=0M
SHORT-SKIP light 855_v2_The9000ftPiano_ChristianHenson_DecentSampler need=1758M avail=0M
SHORT-SKIP light 856_TrackedPiano_ChristianHenson_DecentSampler need=275M avail=0M
SHORT-SKIP light 857_v2_MaxsBentley_ChristianHenson_DecentSampler need=347M avail=0M
SHORT-SKIP light 858_CHTapeDelayExperiment_ChristianHenson_DecentSampler need=149M avail=0M
SHORT-SKIP light 872_v6_IceChoir_ChristianHenson_DecentSampler need=180M avail=0M
SHORT-SKIP light Accordion need=29M avail=0M
SHORT-SKIP light Accordion-LaMelodiosa need=46M avail=0M
SHORT-SKIP light A Childs Memory need=159M avail=0M
SHORT-SKIP light Acoustic Cassette Drums (DS) need=16M avail=0M
SHORT-SKIP light Aeon Guitar (DS) need=92M avail=0M
SHORT-SKIP light AfriXilo need=1M avail=0M
SHORT-SKIP light Afterglow Demo (DS) need=124M avail=0M
SHORT-SKIP light Albi's Sound Toolbox (DS) need=58M avail=0M
SHORT-SKIP light Aleatory V1_3 need=457M avail=0M
SHORT-SKIP light Alto-Recorder V1.1 need=28M avail=0M
SHORT-SKIP light Amazonia 1.1 need=18M avail=0M
SHORT-SKIP light Amazon Kalimba DCSampler Preset need=46M avail=0M
SHORT-SKIP light ampco-v1-dspreset need=26M avail=0M
SHORT-SKIP light Amsterdam Metro need=31M avail=0M
SHORT-SKIP light Ancient Harp need=5M avail=0M
SHORT-SKIP light Animal Pads need=21M avail=0M
SHORT-SKIP light Antique Harmonium (DS) need=784M avail=0M
SHORT-SKIP light Antz Decent Sampler 1.0 2 need=650M avail=0M
SHORT-SKIP light Archive Found Strings 001 DS need=106M avail=0M
SHORT-SKIP light arnBottles need=7M avail=0M
SHORT-SKIP light arnLofiChorus need=22M avail=0M
SHORT-SKIP light ASIMOV v1.0 need=367M avail=0M
SHORT-SKIP light A Singing Bowl From New Hampshire need=45M avail=0M
SHORT-SKIP light Auditory1 - Deep Drum need=22M avail=0M
SHORT-SKIP light Auditory1 - Deep Harpsichord need=98M avail=0M
SHORT-SKIP light Auditory1 - Deep Orient need=57M avail=0M
SHORT-SKIP light Austrian Jaw Harp need=18M avail=0M
SHORT-SKIP light Authentic Sleigh Bells and One Fake Bell need=12M avail=0M
SHORT-SKIP light Automotive Junk need=49M avail=0M
SHORT-SKIP light Baby Grand Piano need=92M avail=0M
SHORT-SKIP light Bandola_Andina_Colombiana need=1867M avail=0M
SHORT-SKIP light Bass_Dean_5 need=101M avail=0M
SHORT-SKIP light BassForge_Demo need=162M avail=0M
SHORT-SKIP light Bass Tromb one two need=11M avail=0M
SHORT-SKIP light Beyond the Strings (DS) need=280M avail=0M
SHORT-SKIP light Bilhorn Reed V2 need=1750M avail=0M
SHORT-SKIP light Bioshock Kalimba need=370M avail=0M
SHORT-SKIP light Blackbird for Pianobook 250818 need=1M avail=0M
SHORT-SKIP light Black Hole Synth need=3M avail=0M
SHORT-SKIP light Blended Keys - E Devey need=787M avail=0M
SHORT-SKIP light Blown Feedback (DS) need=48M avail=0M
SHORT-SKIP light Bombo_de_Guancho_(Decent_Sampler) need=9M avail=0M
SHORT-SKIP light Bonang-Barung-Kerakyatan_DecentSampler_1.0 need=35M avail=0M
SHORT-SKIP light Bosque(v1.0) need=1194M avail=0M
SHORT-SKIP light Bottle-O-Phone_Decent_Sampler-1.0 need=39M avail=0M
SHORT-SKIP light Bowed Effigy need=2882M avail=0M
SHORT-SKIP light Broken Cassette Piano (v1.1.1) need=948M avail=0M
SHORT-SKIP light Bruno_Drums_(Decent_Sampler) need=34M avail=0M
SHORT-SKIP light BurdigalaAudio-Takoda-Lite need=29M avail=0M
SHORT-SKIP light Buttons from Hell need=11M avail=0M
SHORT-SKIP light Casioclone need=354M avail=0M
SHORT-SKIP light Cavern Flute need=10M avail=0M
SHORT-SKIP light CDMK Decent Sampler Submission need=13M avail=0M
SHORT-SKIP light Cello Drone need=67M avail=0M
SHORT-SKIP light Charlie's Baritone Uke need=133M avail=0M
SHORT-SKIP light CH Foogered Piano DS need=13M avail=0M
SHORT-SKIP light CH Grumpy Strings DS need=140M avail=0M
SHORT-SKIP light CH Hand Dryer Bass DS need=0M avail=0M
SHORT-SKIP light Chimes need=110M avail=0M
SHORT-SKIP light Chinese door bells need=148M avail=0M
SHORT-SKIP light ChingKluay DS v1.0.0 need=6M avail=0M
SHORT-SKIP light Chloe's Spinet need=17M avail=0M
SHORT-SKIP light CH Octodrums DS need=11M avail=0M
SHORT-SKIP light Choir of the Fallen (DS) need=150M avail=0M
SHORT-SKIP light Christmas Perc need=189M avail=0M
SHORT-SKIP light Chromatic Flatboard Kalimba need=96M avail=0M
SHORT-SKIP light Church Bells need=11M avail=0M
SHORT-SKIP light Cinematic Granular Synthesizer need=263M avail=0M
SHORT-SKIP light Classic Slide Whistle need=36M avail=0M
SHORT-SKIP light Clave Frog (& Friends) need=624M avail=0M
SHORT-SKIP light Clavinova Warm Pad need=3M avail=0M
SHORT-SKIP light Contact Mic Piano v2 need=23M avail=0M
SHORT-SKIP light CoollaPiano_SE_lofi need=50M avail=0M
SHORT-SKIP light Coro Di Cicale need=87M avail=0M
SHORT-SKIP light cp10-piano need=25M avail=0M
SHORT-SKIP light C Pops need=3M avail=0M
SHORT-SKIP light Crafter 6 steel strings (DC) need=564M avail=0M
SHORT-SKIP light Creaker.v1.0 need=3M avail=0M
SHORT-SKIP light CR Seventy Eight v1.0.4 Decent Sampler need=23M avail=0M
SHORT-SKIP light cryptid80 need=109M avail=0M
SHORT-SKIP light Cupboard Castoffs need=21M avail=0M
SHORT-SKIP light curly - electric piano need=128M avail=0M
SHORT-SKIP light Cymbalum_Decent_Sampler-1.0 need=44M avail=0M
SHORT-SKIP light DacrMicrosynth need=3M avail=0M
SHORT-SKIP light DacrShaker need=6M avail=0M
SHORT-SKIP light Dark Drums (DS) need=698M avail=0M
SHORT-SKIP light DBass need=405M avail=0M
SHORT-SKIP light Dead Line need=918M avail=0M
SHORT-SKIP light Decent_Oboe need=136M avail=0M
SHORT-SKIP light DecenTron 1.0.0 need=543M avail=0M
SHORT-SKIP light DecentSampler_CR78 need=3M avail=0M
SHORT-SKIP light Delta_v1 need=6M avail=0M
SHORT-SKIP light Destinys Agent - Zitherone [DS] need=8M avail=0M
SHORT-SKIP light DFAM Hard Sync Bass need=6M avail=0M
SHORT-SKIP light DFAM Moving Back Alarm Lead need=7M avail=0M
SHORT-SKIP light Dictaphone Orchestra need=621M avail=0M
SHORT-SKIP light Dima Koltsov - Some Pads and Stuff need=33M avail=0M
SHORT-SKIP light Divine Errors Part 1 Demo need=234M avail=0M
SHORT-SKIP light DjembeDuet need=12M avail=0M
SHORT-SKIP light Dobro Slide need=51M avail=0M
SHORT-SKIP light DoomsdayDrumsEssentials need=21M avail=0M
SHORT-SKIP light Drone_Organ_v2_(Decent_Sampler) need=16M avail=0M
SHORT-SKIP light dspreset-Clockworks-V1 need=21M avail=0M
SHORT-SKIP light Duduk need=20M avail=0M
SHORT-SKIP light Dynamic Overtone Guitar need=954M avail=0M
SHORT-SKIP light E Bass Studio Stomps DS need=515M avail=0M
SHORT-SKIP light EjIm Piano v0.2.1 need=30M avail=0M
SHORT-SKIP light Electric Mandolin (DS) need=1189M avail=0M
SHORT-SKIP light Electro Acoustic Piano (DS) need=365M avail=0M
SHORT-SKIP light elements need=20M avail=0M
SHORT-SKIP light Emerald Resonances need=1863M avail=0M
SHORT-SKIP light Emotionless Kalimba need=47M avail=0M
SHORT-SKIP light Erhu need=119M avail=0M
SHORT-SKIP light Fable & Clare1 need=66M avail=0M
SHORT-SKIP light Fallout_Organ need=2722M avail=0M
SHORT-SKIP light Familiy Ensemble v1.0 need=301M avail=0M
SHORT-SKIP light Felt_&_Fog_Free_Edition need=263M avail=0M
SHORT-SKIP heavy Festive Celeste need=7082M avail=0M
SHORT-SKIP light Florence Upright need=52M avail=0M
SHORT-SKIP light FluteOrgan(1.1) need=22M avail=0M
SHORT-SKIP light Flutina need=72M avail=0M
SHORT-SKIP light FM-Little-Module need=192M avail=0M
SHORT-SKIP light Forest (DS) need=72M avail=0M
SHORT-SKIP light Forest melodica need=3M avail=0M
SHORT-SKIP light Forgotten Bagpipes need=48M avail=0M
SHORT-SKIP light Fresh GuitarV2 need=123M avail=0M
SHORT-SKIP light Fullbore Synth (DS) need=13M avail=0M
SHORT-SKIP light G3Grand(DS) need=109M avail=0M
SHORT-SKIP light Gaita_Do need=27M avail=0M
SHORT-SKIP light Gankogui_Decent_Sampler-1.0 need=8M avail=0M
SHORT-SKIP light Garage Sale Kit need=74M avail=0M
SHORT-SKIP light Garland Music Box Marimba (DS) need=29M avail=0M
SHORT-SKIP light Garv_Babblings_Sampler need=197M avail=0M
SHORT-SKIP light GEM-Jumbo61 need=15M avail=0M
SHORT-SKIP light George Yazbek - Daydream need=69M avail=0M
SHORT-SKIP light George Yazbek - The Gift need=19M avail=0M
SHORT-SKIP light George Yazbek - The yoyo need=24M avail=0M
SHORT-SKIP light GjallarHorn need=93M avail=0M
SHORT-SKIP light Glockenglass need=23M avail=0M
SHORT-SKIP light GoodTimes Keyboard need=25M avail=0M
SHORT-SKIP light grandmas-beachhouse-piano need=443M avail=0M
SHORT-SKIP light Grandmas Piano need=48M avail=0M
SHORT-SKIP light Grandpas Piano (DS) need=212M avail=0M
SHORT-SKIP light Greenwood Drums need=351M avail=0M
SHORT-SKIP light Gretsch Catalina Ash - Decent Sampler need=143M avail=0M
SHORT-SKIP light Guitar percussion and noises need=19M avail=0M
SHORT-SKIP light Guitar Precussion 1.1 need=3M avail=0M
SHORT-SKIP light Gusli Perepyolochka need=26M avail=0M
SHORT-SKIP light Handpan need=4M avail=0M
SHORT-SKIP light Harmonica Americana need=40M avail=0M
SHORT-SKIP light Harmonica need=14M avail=0M
SHORT-SKIP light harmonic constellations  need=256M avail=0M
SHORT-SKIP light Harpsimachord need=1185M avail=0M
SHORT-SKIP light healingBOWL need=47M avail=0M
SHORT-SKIP light Hears The Rubs_V1.1 need=1465M avail=0M
SHORT-SKIP light Heaven and Hell 002 need=341M avail=0M
SHORT-SKIP light Hellscape Synth need=5M avail=0M
SHORT-SKIP light Helsinkii1967 DecentSampler v.1.411 need=1453M avail=0M
SHORT-SKIP light Hohner Melodica need=217M avail=0M
SHORT-SKIP light Homemade Ceramic Udo need=3M avail=0M
SHORT-SKIP light Homemade Oscillator and Speaker Circuit need=30M avail=0M
SHORT-SKIP light HomePercussions need=118M avail=0M
SHORT-SKIP light Hurdy Gurdy need=2M avail=0M
SHORT-SKIP heavy IMPACTOS HYBRID PERCUSSION need=7964M avail=0M
SHORT-SKIP light Inanimate Glitches need=378M avail=0M
SHORT-SKIP light Indonesian Didgeridoo need=25M avail=0M
SHORT-SKIP light IrishTinWhistle need=1M avail=0M
SHORT-SKIP light Italian Typewriter (DS)1.0 need=18M avail=0M
SHORT-SKIP light Jews Harp need=58M avail=0M
SHORT-SKIP light Jingle Bells Pad need=34M avail=0M
SHORT-SKIP light Jon's Cajons v1.0 need=34M avail=0M
SHORT-SKIP light Jouhikko-TheFinnishBowedLyre need=4M avail=0M
SHORT-SKIP light Junost 21 _ Soviet Virtual Synth FREE (DS_EXS) need=267M avail=0M
SHORT-SKIP light Jupiter-6 Unison Strings need=50M avail=0M
SHORT-SKIP light KALI-2297_V1.0 need=86M avail=0M
SHORT-SKIP light Kalimba_by_Lasiurus need=51M avail=0M
SHORT-SKIP light Kalimba Experiments need=64M avail=0M
SHORT-SKIP light Kalimba (G Pygmy) need=39M avail=0M
SHORT-SKIP light Kalimba Swarm need=347M avail=0M
SHORT-SKIP light Kantele-TheFinnishZither need=38M avail=0M
SHORT-SKIP light Kazoo need=76M avail=0M
SHORT-SKIP light Kitchen Drum KIt need=13M avail=0M
SHORT-SKIP light Kosmosky Tongue Drum(v1.0) need=403M avail=0M
SHORT-SKIP light K Percussion need=3M avail=0M
SHORT-SKIP light lapsteel-articulations need=49M avail=0M
SHORT-SKIP light Legacy Knight Piano v1.0 need=483M avail=0M
SHORT-SKIP light Leolani Ukulele need=117M avail=0M
SHORT-SKIP light Lil Bro's Drum Guitar need=35M avail=0M
SHORT-SKIP light Lite Hammered Dulcimer need=44M avail=0M
SHORT-SKIP light Little Black EP need=94M avail=0M
SHORT-SKIP light Little Grreen Reed Organ need=79M avail=0M
SHORT-SKIP light Lofi AI Drum Pi need=11M avail=0M
SHORT-SKIP light Lofi Dreams need=163M avail=0M
SHORT-SKIP light LØ - Fragile Violins Free need=276M avail=0M
SHORT-SKIP light Low Whistle need=184M avail=0M
SHORT-SKIP light luapselREVGUITAR need=46M avail=0M
SHORT-SKIP light Lumo - Acoustic Guitars need=169M avail=0M
SHORT-SKIP light LWR Swallow Guitar need=219M avail=0M
SHORT-SKIP light Maracas_by_Estudios Ivcame need=1M avail=0M
SHORT-SKIP light Massive Pad need=112M avail=0M
SHORT-SKIP light MB Analogue Drums need=28M avail=0M
SHORT-SKIP light Mellora - Soft Bowed Piano (Free Edition) v1.1 need=12M avail=0M
SHORT-SKIP light Melody Maker need=15M avail=0M
SHORT-SKIP light Mexican Guitarron need=10M avail=0M
SHORT-SKIP light MicroGuitar need=3M avail=0M
SHORT-SKIP light Milk Factory - jd cheetham need=218M avail=0M
SHORT-SKIP light Mini African Drum need=4M avail=0M
SHORT-SKIP light Mini Drum Lone Singer (DS) need=51M avail=0M
SHORT-SKIP light Mini Drum Magic Ladder (DS) need=45M avail=0M
SHORT-SKIP light Mini Kalimba v1.1 need=63M avail=0M
SHORT-SKIP light Mixing Bowl DS need=24M avail=0M
SHORT-SKIP light Modern Acoustic Guitar V2 need=274M avail=0M
SHORT-SKIP light Modular 808 need=66M avail=0M
SHORT-SKIP light Mordros Final need=487M avail=0M
SHORT-SKIP light MORE Violin Experiments v1.1 need=1009M avail=0M
SHORT-SKIP light MorphoLute_by_Magisk need=64M avail=0M
SHORT-SKIP light MS20 Plus need=269M avail=0M
SHORT-SKIP light Mum's Upright need=133M avail=0M
SHORT-SKIP light Murky Roads (DS) need=276M avail=0M
SHORT-SKIP light my_cheap_bass need=186M avail=0M
SHORT-SKIP light MyDuduk need=8M avail=0M
SHORT-SKIP light My New voice need=1M avail=0M
SHORT-SKIP light Nicks-LP-Studio need=211M avail=0M
SHORT-SKIP light Noise Drums need=132M avail=0M
SHORT-SKIP light NT Agnostic Drone need=1770M avail=0M
SHORT-SKIP light NT Angelic Dramatic v2 need=1213M avail=0M
SHORT-SKIP light NT Bionic Brass and Winds need=1451M avail=0M
SHORT-SKIP light NTS-2 An Oscilloscope Turned Synth need=311M avail=0M
SHORT-SKIP light NT Subharmonic Memory Unit v1 need=45M avail=0M
SHORT-SKIP light odyssea v3 need=12M avail=0M
SHORT-SKIP light Öld Jokul - Glaciar Pad need=2373M avail=0M
SHORT-SKIP light OMS-1 Gretsch Feedback need=253M avail=0M
SHORT-SKIP light Only drums need=29M avail=0M
SHORT-SKIP light OOTG Piano DS need=149M avail=0M
SHORT-SKIP light Optical Fibre need=50M avail=0M
SHORT-SKIP light Orange Soda Super Flute need=102M avail=0M
SHORT-SKIP light Organ grinder need=6M avail=0M
SHORT-SKIP light Organ of the Damned (DS) need=2412M avail=0M
SHORT-SKIP light Organs 11 by DSA need=326M avail=0M
SHORT-SKIP light Orgel Unterhaus 2.1 need=106M avail=0M
SHORT-SKIP light Otto need=9M avail=0M
SHORT-SKIP light Palm Mutes need=19M avail=0M
SHORT-SKIP light PAMAHA need=448M avail=0M
SHORT-SKIP light Pandrum v1.0.1 - Decent Sampler need=851M avail=0M
SHORT-SKIP light Paters Piano need=98M avail=0M
SHORT-SKIP light Paweł Lewicki - Birdy Kalimba (DS) need=41M avail=0M
SHORT-SKIP light PD_Big_Brother need=165M avail=0M
SHORT-SKIP light PencilGuitar-V2 need=19M avail=0M
SHORT-SKIP light Phobos - Canvas [ESSENTIAL EDITION] (0.8.9) need=21M avail=0M
SHORT-SKIP light Piano Percussions_v1.0 need=85M avail=0M
SHORT-SKIP light Pipe Drum v2.0 251102 need=6M avail=0M
SHORT-SKIP light Plasma Drive Kalimba need=37M avail=0M
SHORT-SKIP light Playwatch need=59M avail=0M
SHORT-SKIP light Polaroid CL635 (DS) need=5M avail=0M
SHORT-SKIP light pop need=22M avail=0M
SHORT-SKIP light prehispanic flute v3 need=53M avail=0M
SHORT-SKIP light purplehero need=188M avail=0M
SHORT-SKIP light Rain Choir V1.1 (1) need=11M avail=0M
SHORT-SKIP light Rain Choir V1.1 need=11M avail=0M
SHORT-SKIP light Raindrops need=15M avail=0M
SHORT-SKIP light Raw Violin need=272M avail=0M
SHORT-SKIP light RedTape Z2 need=1465M avail=0M
SHORT-SKIP light Reluctant Autoharp (DS) need=232M avail=0M
SHORT-SKIP light Resonator need=44M avail=0M
SHORT-SKIP light Reverb Tail Pad need=66M avail=0M
SHORT-SKIP light RGBwaves need=74M avail=0M
SHORT-SKIP light RJS Classic Electric v1_1 need=618M avail=0M
SHORT-SKIP light RJS LoFi Nylon v1_1 need=90M avail=0M
SHORT-SKIP light RJS Vocal Pads v1_1 need=38M avail=0M
SHORT-SKIP light Roaring Saxophone (DS) need=133M avail=0M
SHORT-SKIP light Rosedale_Cortina_Virtuoso need=40M avail=0M
SHORT-SKIP light R.R. Drums1 need=8M avail=0M
SHORT-SKIP light Rubber Bass need=23M avail=0M
SHORT-SKIP light Santa Croce need=135M avail=0M
SHORT-SKIP light Schlagwerk_U78_Side_Skin_Udu need=61M avail=0M
SHORT-SKIP light Seaside Transistor Organ (DS) need=63M avail=0M
SHORT-SKIP light Sewers 1.0.2 need=259M avail=0M
SHORT-SKIP light s.f-barroca_SE need=4M avail=0M
SHORT-SKIP light Shimmered Affinity Swells need=169M avail=0M
SHORT-SKIP light Shoal Audio - SEK-922 need=29M avail=0M
SHORT-SKIP light Shoal Audio - Tongue Drum (1.1) need=263M avail=0M
SHORT-SKIP light Shopping Cart need=71M avail=0M
SHORT-SKIP light Sketchy Klaviphon need=29M avail=0M
SHORT-SKIP light SL-20231105-01 - Singing Bowl need=118M avail=0M
SHORT-SKIP light Slit Log Drum need=3M avail=0M
SHORT-SKIP light Snaps n Claps[DS] need=5M avail=0M
SHORT-SKIP light Solar Winds need=22M avail=0M
SHORT-SKIP light Solitary Choir (DS) need=358M avail=0M
SHORT-SKIP light Sonus Lucis - Cymbalon [DS] need=39M avail=0M
SHORT-SKIP light SoundsofIran need=76M avail=0M
SHORT-SKIP light Souvenir Tunisian Drum v1.2 need=22M avail=0M
SHORT-SKIP light Stacked It - E Devey need=116M avail=0M
SHORT-SKIP light Stratford Tony Organ need=671M avail=0M
SHORT-SKIP light Stratmosphere v1.1 need=20M avail=0M
SHORT-SKIP light Studio Doctor_Sweet_pads need=15M avail=0M
SHORT-SKIP light Summer Challenge '26 DS EH need=24M avail=0M
SHORT-SKIP light syntheticstrings need=108M avail=0M
SHORT-SKIP light Synth of Desire need=9M avail=0M
SHORT-SKIP light Synthphony 003 need=18M avail=0M
SHORT-SKIP light Synthphony S004 Motion need=28M avail=0M
SHORT-SKIP light Synthphony S005 Complex need=34M avail=0M
SHORT-SKIP light Talman Bass need=41M avail=0M
SHORT-SKIP light Tea from HELL (DS) need=7M avail=0M
SHORT-SKIP light Telephone Guitar V1.1.1 need=128M avail=0M
SHORT-SKIP light Thawney Practice Room Piano need=49M avail=0M
SHORT-SKIP light The Bjorgan need=1235M avail=0M
SHORT-SKIP light The-Claustrophobic-Toy-Piano need=147M avail=0M
SHORT-SKIP light TheDiArchtop need=118M avail=0M
SHORT-SKIP light The Forest Flute need=38M avail=0M
SHORT-SKIP light The Kickstarter Risk - Hanago need=168M avail=0M
SHORT-SKIP light The Pad - kulek records need=289M avail=0M
SHORT-SKIP light The Spellsinger need=1513M avail=0M
SHORT-SKIP light the_stranger-ethereal_fountain-v1 need=51M avail=0M
SHORT-SKIP light The Superstar - Complete Edition need=1329M avail=0M
SHORT-SKIP light The Terracotta Ball need=68M avail=0M
SHORT-SKIP light The-Viking-Log-Lyre need=162M avail=0M
SHORT-SKIP light The Vintage Japanese Mandolin need=62M avail=0M
SHORT-SKIP light ThorsBrother need=99M avail=0M
SHORT-SKIP light Three Strings Domra need=88M avail=0M
SHORT-SKIP light Thru Zero E-Piano need=24M avail=0M
SHORT-SKIP light Thunder (DS) need=147M avail=0M
SHORT-SKIP light Thunder & Wine need=66M avail=0M
SHORT-SKIP light Tin Can Drums need=35M avail=0M
SHORT-SKIP light Tones From The Deep need=24M avail=0M
SHORT-SKIP light Tongue_Bottle_Glass need=17M avail=0M
SHORT-SKIP light Toy Accordion (DS) need=19M avail=0M
SHORT-SKIP light Toy Glockenspiel for DecentSampler need=736M avail=0M
SHORT-SKIP light Toy Xylophone (DS) need=29M avail=0M
SHORT-SKIP light Trash Drums need=10M avail=0M
SHORT-SKIP light Tribal Percussion (DS) need=24M avail=0M
SHORT-SKIP light TripleBox need=5M avail=0M
SHORT-SKIP light TS Cat Toy Drums Free Edition [Decent Sampler] need=11M avail=0M
SHORT-SKIP light TS_Lofi_Vibes_Synth_V1.01 [Decent Sampler] need=450M avail=0M
SHORT-SKIP light Tubular-bells_Decent_Sampler need=22M avail=0M
SHORT-SKIP light Tuned_Gongs need=2626M avail=0M
SHORT-SKIP light Uke Swarm need=57M avail=0M
SHORT-SKIP light Ukulele of Doom (DS) need=114M avail=0M
SHORT-SKIP light UnknownHomePianoSE need=34M avail=0M
SHORT-SKIP light V-0002 Glitched Washed Pad need=186M avail=0M
SHORT-SKIP light V-0003 Glitched Washed Pad need=236M avail=0M
SHORT-SKIP light V-0004 Glitched Washed Pad need=129M avail=0M
SHORT-SKIP light Vinyl Player (DS) need=18M avail=0M
SHORT-SKIP light Vinyl Scratcher Lite need=5M avail=0M
SHORT-SKIP light Violin Experiments v1_2 need=1807M avail=0M
SHORT-SKIP light Voodoo Drum's of Jakmel need=14M avail=0M
SHORT-SKIP light VSSVolcaFluteLoFiSamples need=62M avail=0M
SHORT-SKIP light Waterfall need=37M avail=0M
SHORT-SKIP light Wet Spanish Thumb need=44M avail=0M
SHORT-SKIP light wiedergesichts-wurli need=62M avail=0M
SHORT-SKIP light Wild Percussion (DS) need=1M avail=0M
SHORT-SKIP light Wind Chimes need=50M avail=0M
SHORT-SKIP light Women 4 syllables Choir need=154M avail=0M
SHORT-SKIP light Wooden Church of St. Nepomucen Free Edition (DS_EXS) need=55M avail=0M
SHORT-SKIP light Wooden Flute1 need=257M avail=0M
SHORT-SKIP light World's Biggest Braaam (DS) need=123M avail=0M
SHORT-SKIP light Xylander-DistoredMemoriesOfYou need=34M avail=0M
SHORT-SKIP light YE_C55 need=203M avail=0M
SHORT-SKIP light Yellow Bass Keyboard need=28M avail=0M
SHORT-SKIP light Yogurt(DS) need=98M avail=0M
run started pon 07 sep 2026 16:16:11 CEST
OK light 1065349_NativeFluteOriginal_ChristianHenson_DecentSampler 182M -> /mnt/btrfs_disk/DS Libraries
OK light 1217_v4_WinterPianoNR_ChristianHenson_DecentSampler 37M -> /mnt/btrfs_disk/DS Libraries
OK light 12 String Acoustic 91M -> /mnt/btrfs_disk/DS Libraries
OK light 1417838_ClaustrophobicPianoV2_ChristianHenson 2316M -> /mnt/btrfs_disk/DS Libraries
OK light 1445258_12OscillatorDoomDrone_ChristianHenson_DS 61M -> /mnt/btrfs_disk/DS Libraries
OK light 1445643_TheCoolPiano_ChristianHenson 2317M -> /mnt/btrfs_disk/DS Libraries
OK light 1450796_MGSteelStringHarmonics_MikeGeorgiades_DS 246M -> /mnt/btrfs_disk/DS Libraries
OK light 1452835_NFOAlternativeChamberStringsLongs_MarcoIannello 362M -> /mnt/btrfs_disk/DS Libraries
OK light 1453143_TheGaffer_ChristianHenson 2269M -> /mnt/btrfs_disk/DS Libraries
OK light 1781 - Ganer Square Piano 2431M -> /mnt/btrfs_disk/DS Libraries
OK light 1796 - Broadwood Piano 1151M -> /mnt/btrfs_disk/DS Libraries
OK light 1930s Wurlitzer Upright 179M -> /mnt/btrfs_disk/DS Libraries
OK light 1950s Archer L-1X Crystal Mic Choir 43M -> /mnt/btrfs_disk/DS Libraries
OK light 1984 Elec. Bass Vantage X-99B 1.0 Lite 30M -> /mnt/btrfs_disk/DS Libraries
OK light 205404_PalmMutedSchimmel_ChristianHenson_DecentSampler 66M -> /mnt/btrfs_disk/DS Libraries
OK light 3485_PitchedElectricCeleste_christian-henson_20220303-060600 65M -> /mnt/btrfs_disk/DS Libraries
OK light 381243_TheSummerPiano_ChristianHenson_DecentSampler 1962M -> /mnt/btrfs_disk/DS Libraries
OK light 381249_SummerFelt_ChristianHenson_DecentSampler 1962M -> /mnt/btrfs_disk/DS Libraries
OK light 381264_TheHebrideanKnight_ChristianHenson_DecentSampler 903M -> /mnt/btrfs_disk/DS Libraries
OK light 3832_Steinway_JonMeyer_DecentSampler 336M -> /mnt/btrfs_disk/DS Libraries
OK light 3881_FrozenGlock_dan-keen_DS 160M -> /mnt/btrfs_disk/DS Libraries
OK light 3dPrintedOcarina_0.0.0 8M -> /mnt/btrfs_disk/DS Libraries
OK light 40 voices 5M -> /mnt/btrfs_disk/DS Libraries
OK light 4390_ElectricSparkles_ChristianHenson_20211220-182300 792M -> /mnt/btrfs_disk/DS Libraries
OK light 4833_ShiveringWaves_fred-poirier_20220127-021013 26M -> /mnt/btrfs_disk/DS Libraries
OK light 486995_FlannelPiano_ChristianHenson_DecentSampler 1318M -> /mnt/btrfs_disk/DS Libraries
OK light 4877_WartyDulcitone_christianhenson_20220131-150308 291M -> /mnt/btrfs_disk/DS Libraries
OK light 5544_PoshCR78_christianhenson_20220322-090000 81M -> /mnt/btrfs_disk/DS Libraries
OK heavy 564663_AutumnPianoBundle_ChristianHenson 4255M -> /mnt/wd_black/DS Libraries
OK light 60 Clock Ticks (DS) 0M -> /mnt/btrfs_disk/DS Libraries
OK light 626458_TunnelBodhran_ChristianHenson_DecentSampler 38M -> /mnt/btrfs_disk/DS Libraries
OK light 657490_FamilyGrandV3_ChristianHenson 1563M -> /mnt/btrfs_disk/DS Libraries
OK light 67047_SystemsGrand_ChristianHenson_DecentSampler 125M -> /mnt/btrfs_disk/DS Libraries
OK light 80's Module 54M -> /mnt/btrfs_disk/DS Libraries
OK light 850_v6_SpringPiano_ChristianHenson_DecentSampler 258M -> /mnt/btrfs_disk/DS Libraries
OK light 851_v2_AirPianoClean_ChristianHenson_DecentSampler 1829M -> /mnt/btrfs_disk/DS Libraries
OK light 855_v2_The9000ftPiano_ChristianHenson_DecentSampler 1758M -> /mnt/btrfs_disk/DS Libraries
OK light 856_TrackedPiano_ChristianHenson_DecentSampler 275M -> /mnt/btrfs_disk/DS Libraries
OK light 857_v2_MaxsBentley_ChristianHenson_DecentSampler 347M -> /mnt/btrfs_disk/DS Libraries
OK light 858_CHTapeDelayExperiment_ChristianHenson_DecentSampler 149M -> /mnt/btrfs_disk/DS Libraries
OK light 872_v6_IceChoir_ChristianHenson_DecentSampler 180M -> /mnt/btrfs_disk/DS Libraries
OK light Accordion 29M -> /mnt/btrfs_disk/DS Libraries
OK light Accordion-LaMelodiosa 46M -> /mnt/btrfs_disk/DS Libraries
OK light A Childs Memory 159M -> /mnt/btrfs_disk/DS Libraries
OK light Acoustic Cassette Drums (DS) 16M -> /mnt/btrfs_disk/DS Libraries
OK light Aeon Guitar (DS) 92M -> /mnt/btrfs_disk/DS Libraries
OK light AfriXilo 1M -> /mnt/btrfs_disk/DS Libraries
OK light Afterglow Demo (DS) 124M -> /mnt/btrfs_disk/DS Libraries
OK light Albi's Sound Toolbox (DS) 58M -> /mnt/btrfs_disk/DS Libraries
OK light Aleatory V1_3 457M -> /mnt/btrfs_disk/DS Libraries
OK light Alto-Recorder V1.1 28M -> /mnt/btrfs_disk/DS Libraries
OK light Amazonia 1.1 18M -> /mnt/btrfs_disk/DS Libraries
OK light Amazon Kalimba DCSampler Preset 46M -> /mnt/btrfs_disk/DS Libraries
OK light ampco-v1-dspreset 26M -> /mnt/btrfs_disk/DS Libraries
OK light Amsterdam Metro 31M -> /mnt/btrfs_disk/DS Libraries
OK light Ancient Harp 5M -> /mnt/btrfs_disk/DS Libraries
OK light Animal Pads 21M -> /mnt/btrfs_disk/DS Libraries
OK light Antique Harmonium (DS) 784M -> /mnt/btrfs_disk/DS Libraries
OK light Antz Decent Sampler 1.0 2 650M -> /mnt/btrfs_disk/DS Libraries
OK light Archive Found Strings 001 DS 106M -> /mnt/btrfs_disk/DS Libraries
OK light arnBottles 7M -> /mnt/btrfs_disk/DS Libraries
OK light arnLofiChorus 22M -> /mnt/btrfs_disk/DS Libraries
OK light ASIMOV v1.0 367M -> /mnt/btrfs_disk/DS Libraries
OK light A Singing Bowl From New Hampshire 45M -> /mnt/btrfs_disk/DS Libraries
OK light Auditory1 - Deep Drum 22M -> /mnt/btrfs_disk/DS Libraries
OK light Auditory1 - Deep Harpsichord 98M -> /mnt/btrfs_disk/DS Libraries
OK light Auditory1 - Deep Orient 57M -> /mnt/btrfs_disk/DS Libraries
OK light Austrian Jaw Harp 18M -> /mnt/btrfs_disk/DS Libraries
OK light Authentic Sleigh Bells and One Fake Bell 12M -> /mnt/btrfs_disk/DS Libraries
OK light Automotive Junk 49M -> /mnt/btrfs_disk/DS Libraries
OK light Baby Grand Piano 92M -> /mnt/btrfs_disk/DS Libraries
OK light Bandola_Andina_Colombiana 1867M -> /mnt/btrfs_disk/DS Libraries
OK light Bass_Dean_5 101M -> /mnt/btrfs_disk/DS Libraries
OK light BassForge_Demo 162M -> /mnt/btrfs_disk/DS Libraries
OK light Bass Tromb one two 11M -> /mnt/btrfs_disk/DS Libraries
OK light Beyond the Strings (DS) 280M -> /mnt/btrfs_disk/DS Libraries
OK light Bilhorn Reed V2 1750M -> /mnt/btrfs_disk/DS Libraries
OK light Bioshock Kalimba 370M -> /mnt/btrfs_disk/DS Libraries
OK light Blackbird for Pianobook 250818 1M -> /mnt/btrfs_disk/DS Libraries
OK light Black Hole Synth 3M -> /mnt/btrfs_disk/DS Libraries
OK light Blended Keys - E Devey 787M -> /mnt/btrfs_disk/DS Libraries
OK light Blown Feedback (DS) 48M -> /mnt/btrfs_disk/DS Libraries
OK light Bombo_de_Guancho_(Decent_Sampler) 9M -> /mnt/btrfs_disk/DS Libraries
OK light Bonang-Barung-Kerakyatan_DecentSampler_1.0 35M -> /mnt/btrfs_disk/DS Libraries
OK light Bosque(v1.0) 1194M -> /mnt/btrfs_disk/DS Libraries
OK light Bottle-O-Phone_Decent_Sampler-1.0 39M -> /mnt/btrfs_disk/DS Libraries
OK light Bowed Effigy 2882M -> /mnt/btrfs_disk/DS Libraries
OK light Broken Cassette Piano (v1.1.1) 948M -> /mnt/btrfs_disk/DS Libraries
OK light Bruno_Drums_(Decent_Sampler) 34M -> /mnt/btrfs_disk/DS Libraries
OK light BurdigalaAudio-Takoda-Lite 29M -> /mnt/btrfs_disk/DS Libraries
OK light Buttons from Hell 11M -> /mnt/btrfs_disk/DS Libraries
OK light Casioclone 354M -> /mnt/btrfs_disk/DS Libraries
OK light Cavern Flute 10M -> /mnt/btrfs_disk/DS Libraries
OK light CDMK Decent Sampler Submission 13M -> /mnt/btrfs_disk/DS Libraries
OK light Cello Drone 67M -> /mnt/btrfs_disk/DS Libraries
OK light Charlie's Baritone Uke 133M -> /mnt/btrfs_disk/DS Libraries
OK light CH Foogered Piano DS 13M -> /mnt/btrfs_disk/DS Libraries
OK light CH Grumpy Strings DS 140M -> /mnt/btrfs_disk/DS Libraries
OK light CH Hand Dryer Bass DS 0M -> /mnt/btrfs_disk/DS Libraries
OK light Chimes 110M -> /mnt/btrfs_disk/DS Libraries
OK light Chinese door bells 148M -> /mnt/btrfs_disk/DS Libraries
OK light ChingKluay DS v1.0.0 6M -> /mnt/btrfs_disk/DS Libraries
OK light Chloe's Spinet 17M -> /mnt/btrfs_disk/DS Libraries
OK light CH Octodrums DS 11M -> /mnt/btrfs_disk/DS Libraries
OK light Choir of the Fallen (DS) 150M -> /mnt/btrfs_disk/DS Libraries
OK light Christmas Perc 189M -> /mnt/btrfs_disk/DS Libraries
OK light Chromatic Flatboard Kalimba 96M -> /mnt/btrfs_disk/DS Libraries
OK light Church Bells 11M -> /mnt/btrfs_disk/DS Libraries
OK light Cinematic Granular Synthesizer 263M -> /mnt/btrfs_disk/DS Libraries
OK light Classic Slide Whistle 36M -> /mnt/btrfs_disk/DS Libraries
OK light Clave Frog (& Friends) 624M -> /mnt/btrfs_disk/DS Libraries
OK light Clavinova Warm Pad 3M -> /mnt/btrfs_disk/DS Libraries
OK light Contact Mic Piano v2 23M -> /mnt/btrfs_disk/DS Libraries
OK light CoollaPiano_SE_lofi 50M -> /mnt/btrfs_disk/DS Libraries
OK light Coro Di Cicale 87M -> /mnt/btrfs_disk/DS Libraries
OK light cp10-piano 25M -> /mnt/btrfs_disk/DS Libraries
OK light C Pops 3M -> /mnt/btrfs_disk/DS Libraries
OK light Crafter 6 steel strings (DC) 564M -> /mnt/btrfs_disk/DS Libraries
OK light Creaker.v1.0 3M -> /mnt/btrfs_disk/DS Libraries
OK light CR Seventy Eight v1.0.4 Decent Sampler 23M -> /mnt/btrfs_disk/DS Libraries
OK light cryptid80 109M -> /mnt/btrfs_disk/DS Libraries
OK light Cupboard Castoffs 21M -> /mnt/btrfs_disk/DS Libraries
OK light curly - electric piano 128M -> /mnt/btrfs_disk/DS Libraries
OK light Cymbalum_Decent_Sampler-1.0 44M -> /mnt/btrfs_disk/DS Libraries
OK light DacrMicrosynth 3M -> /mnt/btrfs_disk/DS Libraries
OK light DacrShaker 6M -> /mnt/btrfs_disk/DS Libraries
OK light Dark Drums (DS) 698M -> /mnt/btrfs_disk/DS Libraries
OK light DBass 405M -> /mnt/btrfs_disk/DS Libraries
OK light Dead Line 918M -> /mnt/btrfs_disk/DS Libraries
OK light Decent_Oboe 136M -> /mnt/btrfs_disk/DS Libraries
OK light DecenTron 1.0.0 543M -> /mnt/btrfs_disk/DS Libraries
OK light DecentSampler_CR78 3M -> /mnt/btrfs_disk/DS Libraries
OK light Delta_v1 6M -> /mnt/btrfs_disk/DS Libraries
OK light Destinys Agent - Zitherone [DS] 8M -> /mnt/btrfs_disk/DS Libraries
OK light DFAM Hard Sync Bass 6M -> /mnt/btrfs_disk/DS Libraries
OK light DFAM Moving Back Alarm Lead 7M -> /mnt/btrfs_disk/DS Libraries
OK light Dictaphone Orchestra 621M -> /mnt/btrfs_disk/DS Libraries
OK light Dima Koltsov - Some Pads and Stuff 33M -> /mnt/btrfs_disk/DS Libraries
OK light Divine Errors Part 1 Demo 234M -> /mnt/btrfs_disk/DS Libraries
OK light DjembeDuet 12M -> /mnt/btrfs_disk/DS Libraries
OK light Dobro Slide 51M -> /mnt/btrfs_disk/DS Libraries
OK light DoomsdayDrumsEssentials 21M -> /mnt/btrfs_disk/DS Libraries
OK light Drone_Organ_v2_(Decent_Sampler) 16M -> /mnt/btrfs_disk/DS Libraries
OK light dspreset-Clockworks-V1 21M -> /mnt/btrfs_disk/DS Libraries
OK light Duduk 20M -> /mnt/btrfs_disk/DS Libraries
OK light Dynamic Overtone Guitar 954M -> /mnt/btrfs_disk/DS Libraries
OK light E Bass Studio Stomps DS 515M -> /mnt/btrfs_disk/DS Libraries
OK light EjIm Piano v0.2.1 30M -> /mnt/btrfs_disk/DS Libraries
OK light Electric Mandolin (DS) 1189M -> /mnt/btrfs_disk/DS Libraries
OK light Electro Acoustic Piano (DS) 365M -> /mnt/btrfs_disk/DS Libraries
OK light elements 20M -> /mnt/btrfs_disk/DS Libraries
OK light Emerald Resonances 1863M -> /mnt/btrfs_disk/DS Libraries
OK light Emotionless Kalimba 47M -> /mnt/btrfs_disk/DS Libraries
OK light Erhu 119M -> /mnt/btrfs_disk/DS Libraries
OK light Fable & Clare1 66M -> /mnt/btrfs_disk/DS Libraries
OK light Fallout_Organ 2722M -> /mnt/btrfs_disk/DS Libraries
OK light Familiy Ensemble v1.0 301M -> /mnt/btrfs_disk/DS Libraries
OK light Felt_&_Fog_Free_Edition 263M -> /mnt/btrfs_disk/DS Libraries
FAIL heavy Festive Celeste
OK light Florence Upright 52M -> /mnt/btrfs_disk/DS Libraries
OK light FluteOrgan(1.1) 22M -> /mnt/btrfs_disk/DS Libraries
OK light Flutina 72M -> /mnt/btrfs_disk/DS Libraries
OK light FM-Little-Module 192M -> /mnt/btrfs_disk/DS Libraries
OK light Forest (DS) 72M -> /mnt/btrfs_disk/DS Libraries
OK light Forest melodica 3M -> /mnt/btrfs_disk/DS Libraries
OK light Forgotten Bagpipes 48M -> /mnt/btrfs_disk/DS Libraries
OK light Fresh GuitarV2 123M -> /mnt/btrfs_disk/DS Libraries
OK light Fullbore Synth (DS) 13M -> /mnt/btrfs_disk/DS Libraries
OK light G3Grand(DS) 109M -> /mnt/btrfs_disk/DS Libraries
OK light Gaita_Do 27M -> /mnt/btrfs_disk/DS Libraries
OK light Gankogui_Decent_Sampler-1.0 8M -> /mnt/btrfs_disk/DS Libraries
OK light Garage Sale Kit 74M -> /mnt/btrfs_disk/DS Libraries
OK light Garland Music Box Marimba (DS) 29M -> /mnt/btrfs_disk/DS Libraries
OK light Garv_Babblings_Sampler 197M -> /mnt/btrfs_disk/DS Libraries
OK light GEM-Jumbo61 15M -> /mnt/btrfs_disk/DS Libraries
OK light George Yazbek - Daydream 69M -> /mnt/btrfs_disk/DS Libraries
OK light George Yazbek - The Gift 19M -> /mnt/btrfs_disk/DS Libraries
OK light George Yazbek - The yoyo 24M -> /mnt/btrfs_disk/DS Libraries
OK light GjallarHorn 93M -> /mnt/btrfs_disk/DS Libraries
OK light Glockenglass 23M -> /mnt/btrfs_disk/DS Libraries
OK light GoodTimes Keyboard 25M -> /mnt/btrfs_disk/DS Libraries
OK light grandmas-beachhouse-piano 443M -> /mnt/btrfs_disk/DS Libraries
OK light Grandmas Piano 48M -> /mnt/btrfs_disk/DS Libraries
OK light Grandpas Piano (DS) 212M -> /mnt/btrfs_disk/DS Libraries
OK light Greenwood Drums 351M -> /mnt/btrfs_disk/DS Libraries
OK light Gretsch Catalina Ash - Decent Sampler 143M -> /mnt/btrfs_disk/DS Libraries
OK light Guitar percussion and noises 19M -> /mnt/btrfs_disk/DS Libraries
OK light Guitar Precussion 1.1 3M -> /mnt/btrfs_disk/DS Libraries
OK light Gusli Perepyolochka 26M -> /mnt/btrfs_disk/DS Libraries
OK light Handpan 4M -> /mnt/btrfs_disk/DS Libraries
OK light Harmonica Americana 40M -> /mnt/btrfs_disk/DS Libraries
OK light Harmonica 14M -> /mnt/btrfs_disk/DS Libraries
OK light harmonic constellations  256M -> /mnt/btrfs_disk/DS Libraries
OK light Harpsimachord 1185M -> /mnt/btrfs_disk/DS Libraries
OK light healingBOWL 47M -> /mnt/btrfs_disk/DS Libraries
OK light Hears The Rubs_V1.1 1465M -> /mnt/btrfs_disk/DS Libraries
OK light Heaven and Hell 002 341M -> /mnt/btrfs_disk/DS Libraries
OK light Hellscape Synth 5M -> /mnt/btrfs_disk/DS Libraries
OK light Helsinkii1967 DecentSampler v.1.411 1453M -> /mnt/btrfs_disk/DS Libraries
OK light Hohner Melodica 217M -> /mnt/btrfs_disk/DS Libraries
OK light Homemade Ceramic Udo 3M -> /mnt/btrfs_disk/DS Libraries
OK light Homemade Oscillator and Speaker Circuit 30M -> /mnt/btrfs_disk/DS Libraries
OK light HomePercussions 118M -> /mnt/btrfs_disk/DS Libraries
OK light Hurdy Gurdy 2M -> /mnt/btrfs_disk/DS Libraries
OK heavy IMPACTOS HYBRID PERCUSSION 7964M -> /mnt/wd_black/DS Libraries
OK light Inanimate Glitches 378M -> /mnt/btrfs_disk/DS Libraries
OK light Indonesian Didgeridoo 25M -> /mnt/btrfs_disk/DS Libraries
OK light IrishTinWhistle 1M -> /mnt/btrfs_disk/DS Libraries
OK light Italian Typewriter (DS)1.0 18M -> /mnt/btrfs_disk/DS Libraries
OK light Jews Harp 58M -> /mnt/btrfs_disk/DS Libraries
OK light Jingle Bells Pad 34M -> /mnt/btrfs_disk/DS Libraries
OK light Jon's Cajons v1.0 34M -> /mnt/btrfs_disk/DS Libraries
OK light Jouhikko-TheFinnishBowedLyre 4M -> /mnt/btrfs_disk/DS Libraries
OK light Junost 21 _ Soviet Virtual Synth FREE (DS_EXS) 267M -> /mnt/btrfs_disk/DS Libraries
OK light Jupiter-6 Unison Strings 50M -> /mnt/btrfs_disk/DS Libraries
OK light KALI-2297_V1.0 86M -> /mnt/btrfs_disk/DS Libraries
OK light Kalimba_by_Lasiurus 51M -> /mnt/btrfs_disk/DS Libraries
OK light Kalimba Experiments 64M -> /mnt/btrfs_disk/DS Libraries
OK light Kalimba (G Pygmy) 39M -> /mnt/btrfs_disk/DS Libraries
OK light Kalimba Swarm 347M -> /mnt/btrfs_disk/DS Libraries
OK light Kantele-TheFinnishZither 38M -> /mnt/btrfs_disk/DS Libraries
OK light Kazoo 76M -> /mnt/btrfs_disk/DS Libraries
OK light Kitchen Drum KIt 13M -> /mnt/btrfs_disk/DS Libraries
OK light Kosmosky Tongue Drum(v1.0) 403M -> /mnt/btrfs_disk/DS Libraries
OK light K Percussion 3M -> /mnt/btrfs_disk/DS Libraries
OK light lapsteel-articulations 49M -> /mnt/btrfs_disk/DS Libraries
OK light Legacy Knight Piano v1.0 483M -> /mnt/btrfs_disk/DS Libraries
OK light Leolani Ukulele 117M -> /mnt/btrfs_disk/DS Libraries
OK light Lil Bro's Drum Guitar 35M -> /mnt/btrfs_disk/DS Libraries
OK light Lite Hammered Dulcimer 44M -> /mnt/btrfs_disk/DS Libraries
OK light Little Black EP 94M -> /mnt/btrfs_disk/DS Libraries
OK light Little Grreen Reed Organ 79M -> /mnt/btrfs_disk/DS Libraries
OK light Lofi AI Drum Pi 11M -> /mnt/btrfs_disk/DS Libraries
OK light Lofi Dreams 163M -> /mnt/btrfs_disk/DS Libraries
OK light LØ - Fragile Violins Free 276M -> /mnt/btrfs_disk/DS Libraries
OK light Low Whistle 184M -> /mnt/btrfs_disk/DS Libraries
OK light luapselREVGUITAR 46M -> /mnt/btrfs_disk/DS Libraries
OK light Lumo - Acoustic Guitars 169M -> /mnt/btrfs_disk/DS Libraries
OK light LWR Swallow Guitar 219M -> /mnt/btrfs_disk/DS Libraries
OK light Maracas_by_Estudios Ivcame 1M -> /mnt/btrfs_disk/DS Libraries
OK light Massive Pad 112M -> /mnt/btrfs_disk/DS Libraries
OK light MB Analogue Drums 28M -> /mnt/btrfs_disk/DS Libraries
OK light Mellora - Soft Bowed Piano (Free Edition) v1.1 12M -> /mnt/btrfs_disk/DS Libraries
OK light Melody Maker 15M -> /mnt/btrfs_disk/DS Libraries
OK light Mexican Guitarron 10M -> /mnt/btrfs_disk/DS Libraries
OK light MicroGuitar 3M -> /mnt/btrfs_disk/DS Libraries
OK light Milk Factory - jd cheetham 218M -> /mnt/btrfs_disk/DS Libraries
OK light Mini African Drum 4M -> /mnt/btrfs_disk/DS Libraries
OK light Mini Drum Lone Singer (DS) 51M -> /mnt/btrfs_disk/DS Libraries
OK light Mini Drum Magic Ladder (DS) 45M -> /mnt/btrfs_disk/DS Libraries
OK light Mini Kalimba v1.1 63M -> /mnt/btrfs_disk/DS Libraries
OK light Mixing Bowl DS 24M -> /mnt/btrfs_disk/DS Libraries
OK light Modern Acoustic Guitar V2 274M -> /mnt/btrfs_disk/DS Libraries
OK light Modular 808 66M -> /mnt/btrfs_disk/DS Libraries
OK light Mordros Final 487M -> /mnt/btrfs_disk/DS Libraries
OK light MORE Violin Experiments v1.1 1009M -> /mnt/btrfs_disk/DS Libraries
OK light MorphoLute_by_Magisk 64M -> /mnt/btrfs_disk/DS Libraries
OK light MS20 Plus 269M -> /mnt/btrfs_disk/DS Libraries
OK light Mum's Upright 133M -> /mnt/btrfs_disk/DS Libraries
OK light Murky Roads (DS) 276M -> /mnt/btrfs_disk/DS Libraries
OK light my_cheap_bass 186M -> /mnt/btrfs_disk/DS Libraries
OK light MyDuduk 8M -> /mnt/btrfs_disk/DS Libraries
OK light My New voice 1M -> /mnt/btrfs_disk/DS Libraries
OK light Nicks-LP-Studio 211M -> /mnt/btrfs_disk/DS Libraries
OK light Noise Drums 132M -> /mnt/btrfs_disk/DS Libraries
OK light NT Agnostic Drone 1770M -> /mnt/btrfs_disk/DS Libraries
OK light NT Angelic Dramatic v2 1213M -> /mnt/btrfs_disk/DS Libraries
OK light NT Bionic Brass and Winds 1451M -> /mnt/btrfs_disk/DS Libraries
OK light NTS-2 An Oscilloscope Turned Synth 311M -> /mnt/btrfs_disk/DS Libraries
OK light NT Subharmonic Memory Unit v1 45M -> /mnt/btrfs_disk/DS Libraries
OK light odyssea v3 12M -> /mnt/btrfs_disk/DS Libraries
OK light Öld Jokul - Glaciar Pad 2373M -> /mnt/btrfs_disk/DS Libraries
OK light OMS-1 Gretsch Feedback 253M -> /mnt/btrfs_disk/DS Libraries
OK light Only drums 29M -> /mnt/btrfs_disk/DS Libraries
OK light OOTG Piano DS 149M -> /mnt/btrfs_disk/DS Libraries
OK light Optical Fibre 50M -> /mnt/btrfs_disk/DS Libraries
OK light Orange Soda Super Flute 102M -> /mnt/btrfs_disk/DS Libraries
OK light Organ grinder 6M -> /mnt/btrfs_disk/DS Libraries
OK light Organ of the Damned (DS) 2412M -> /mnt/btrfs_disk/DS Libraries
OK light Organs 11 by DSA 326M -> /mnt/btrfs_disk/DS Libraries
OK light Orgel Unterhaus 2.1 106M -> /mnt/btrfs_disk/DS Libraries
OK light Otto 9M -> /mnt/btrfs_disk/DS Libraries
OK light Palm Mutes 19M -> /mnt/btrfs_disk/DS Libraries
OK light PAMAHA 448M -> /mnt/btrfs_disk/DS Libraries
OK light Pandrum v1.0.1 - Decent Sampler 851M -> /mnt/btrfs_disk/DS Libraries
OK light Paters Piano 98M -> /mnt/btrfs_disk/DS Libraries
OK light Paweł Lewicki - Birdy Kalimba (DS) 41M -> /mnt/btrfs_disk/DS Libraries
OK light PD_Big_Brother 165M -> /mnt/btrfs_disk/DS Libraries
OK light PencilGuitar-V2 19M -> /mnt/btrfs_disk/DS Libraries
OK light Phobos - Canvas [ESSENTIAL EDITION] (0.8.9) 21M -> /mnt/btrfs_disk/DS Libraries
OK light Piano Percussions_v1.0 85M -> /mnt/btrfs_disk/DS Libraries
OK light Pipe Drum v2.0 251102 6M -> /mnt/btrfs_disk/DS Libraries
OK light Plasma Drive Kalimba 37M -> /mnt/btrfs_disk/DS Libraries
OK light Playwatch 59M -> /mnt/btrfs_disk/DS Libraries
OK light Polaroid CL635 (DS) 5M -> /mnt/btrfs_disk/DS Libraries
OK light pop 22M -> /mnt/btrfs_disk/DS Libraries
OK light prehispanic flute v3 53M -> /mnt/btrfs_disk/DS Libraries
OK light purplehero 188M -> /mnt/btrfs_disk/DS Libraries
OK light Rain Choir V1.1 (1) 11M -> /mnt/btrfs_disk/DS Libraries
OK light Rain Choir V1.1 11M -> /mnt/btrfs_disk/DS Libraries
OK light Raindrops 15M -> /mnt/btrfs_disk/DS Libraries
OK light Raw Violin 272M -> /mnt/btrfs_disk/DS Libraries
OK light RedTape Z2 1465M -> /mnt/btrfs_disk/DS Libraries
OK light Reluctant Autoharp (DS) 232M -> /mnt/btrfs_disk/DS Libraries
OK light Resonator 44M -> /mnt/btrfs_disk/DS Libraries
OK light Reverb Tail Pad 66M -> /mnt/btrfs_disk/DS Libraries
OK light RGBwaves 74M -> /mnt/btrfs_disk/DS Libraries
OK light RJS Classic Electric v1_1 618M -> /mnt/btrfs_disk/DS Libraries
OK light RJS LoFi Nylon v1_1 90M -> /mnt/btrfs_disk/DS Libraries
OK light RJS Vocal Pads v1_1 38M -> /mnt/btrfs_disk/DS Libraries
OK light Roaring Saxophone (DS) 133M -> /mnt/btrfs_disk/DS Libraries
OK light Rosedale_Cortina_Virtuoso 40M -> /mnt/btrfs_disk/DS Libraries
OK light R.R. Drums1 8M -> /mnt/btrfs_disk/DS Libraries
OK light Rubber Bass 23M -> /mnt/btrfs_disk/DS Libraries
OK light Santa Croce 135M -> /mnt/btrfs_disk/DS Libraries
OK light Schlagwerk_U78_Side_Skin_Udu 61M -> /mnt/btrfs_disk/DS Libraries
OK light Seaside Transistor Organ (DS) 63M -> /mnt/btrfs_disk/DS Libraries
OK light Sewers 1.0.2 259M -> /mnt/btrfs_disk/DS Libraries
OK light s.f-barroca_SE 4M -> /mnt/btrfs_disk/DS Libraries
OK light Shimmered Affinity Swells 169M -> /mnt/btrfs_disk/DS Libraries
OK light Shoal Audio - SEK-922 29M -> /mnt/btrfs_disk/DS Libraries
OK light Shoal Audio - Tongue Drum (1.1) 263M -> /mnt/btrfs_disk/DS Libraries
OK light Shopping Cart 71M -> /mnt/btrfs_disk/DS Libraries
OK light Sketchy Klaviphon 29M -> /mnt/btrfs_disk/DS Libraries
OK light SL-20231105-01 - Singing Bowl 118M -> /mnt/btrfs_disk/DS Libraries
OK light Slit Log Drum 3M -> /mnt/btrfs_disk/DS Libraries
OK light Snaps n Claps[DS] 5M -> /mnt/btrfs_disk/DS Libraries
OK light Solar Winds 22M -> /mnt/btrfs_disk/DS Libraries
OK light Solitary Choir (DS) 358M -> /mnt/btrfs_disk/DS Libraries
OK light Sonus Lucis - Cymbalon [DS] 39M -> /mnt/btrfs_disk/DS Libraries
OK light SoundsofIran 76M -> /mnt/btrfs_disk/DS Libraries
OK light Souvenir Tunisian Drum v1.2 22M -> /mnt/btrfs_disk/DS Libraries
OK light Stacked It - E Devey 116M -> /mnt/btrfs_disk/DS Libraries
OK light Stratford Tony Organ 671M -> /mnt/btrfs_disk/DS Libraries
OK light Stratmosphere v1.1 20M -> /mnt/btrfs_disk/DS Libraries
OK light Studio Doctor_Sweet_pads 15M -> /mnt/btrfs_disk/DS Libraries
OK light Summer Challenge '26 DS EH 24M -> /mnt/btrfs_disk/DS Libraries
OK light syntheticstrings 108M -> /mnt/btrfs_disk/DS Libraries
OK light Synth of Desire 9M -> /mnt/btrfs_disk/DS Libraries
OK light Synthphony 003 18M -> /mnt/btrfs_disk/DS Libraries
OK light Synthphony S004 Motion 28M -> /mnt/btrfs_disk/DS Libraries
OK light Synthphony S005 Complex 34M -> /mnt/btrfs_disk/DS Libraries
OK light Talman Bass 41M -> /mnt/btrfs_disk/DS Libraries
FAIL light Tea from HELL (DS)
OK light Telephone Guitar V1.1.1 128M -> /mnt/btrfs_disk/DS Libraries
OK light Thawney Practice Room Piano 49M -> /mnt/btrfs_disk/DS Libraries
OK light The Bjorgan 1235M -> /mnt/btrfs_disk/DS Libraries
OK light The-Claustrophobic-Toy-Piano 147M -> /mnt/btrfs_disk/DS Libraries
OK light TheDiArchtop 118M -> /mnt/btrfs_disk/DS Libraries
OK light The Forest Flute 38M -> /mnt/btrfs_disk/DS Libraries
OK light The Kickstarter Risk - Hanago 168M -> /mnt/btrfs_disk/DS Libraries
OK light The Pad - kulek records 289M -> /mnt/btrfs_disk/DS Libraries
OK light The Spellsinger 1513M -> /mnt/btrfs_disk/DS Libraries
OK light the_stranger-ethereal_fountain-v1 51M -> /mnt/btrfs_disk/DS Libraries
OK light The Superstar - Complete Edition 1329M -> /mnt/btrfs_disk/DS Libraries
OK light The Terracotta Ball 68M -> /mnt/btrfs_disk/DS Libraries
OK light The-Viking-Log-Lyre 162M -> /mnt/btrfs_disk/DS Libraries
OK light The Vintage Japanese Mandolin 62M -> /mnt/btrfs_disk/DS Libraries
OK light ThorsBrother 99M -> /mnt/btrfs_disk/DS Libraries
OK light Three Strings Domra 88M -> /mnt/btrfs_disk/DS Libraries
OK light Thru Zero E-Piano 24M -> /mnt/btrfs_disk/DS Libraries
OK light Thunder (DS) 147M -> /mnt/btrfs_disk/DS Libraries
OK light Thunder & Wine 66M -> /mnt/btrfs_disk/DS Libraries
OK light Tin Can Drums 35M -> /mnt/btrfs_disk/DS Libraries
OK light Tones From The Deep 24M -> /mnt/btrfs_disk/DS Libraries
OK light Tongue_Bottle_Glass 17M -> /mnt/btrfs_disk/DS Libraries
OK light Toy Accordion (DS) 19M -> /mnt/btrfs_disk/DS Libraries
OK light Toy Glockenspiel for DecentSampler 736M -> /mnt/btrfs_disk/DS Libraries
OK light Toy Xylophone (DS) 29M -> /mnt/btrfs_disk/DS Libraries
OK light Trash Drums 10M -> /mnt/btrfs_disk/DS Libraries
OK light Tribal Percussion (DS) 24M -> /mnt/btrfs_disk/DS Libraries
OK light TripleBox 5M -> /mnt/btrfs_disk/DS Libraries
OK light TS Cat Toy Drums Free Edition [Decent Sampler] 11M -> /mnt/btrfs_disk/DS Libraries
OK light TS_Lofi_Vibes_Synth_V1.01 [Decent Sampler] 450M -> /mnt/btrfs_disk/DS Libraries
OK light Tubular-bells_Decent_Sampler 22M -> /mnt/btrfs_disk/DS Libraries
OK light Tuned_Gongs 2626M -> /mnt/btrfs_disk/DS Libraries
OK light Uke Swarm 57M -> /mnt/btrfs_disk/DS Libraries
OK light Ukulele of Doom (DS) 114M -> /mnt/btrfs_disk/DS Libraries
OK light UnknownHomePianoSE 34M -> /mnt/btrfs_disk/DS Libraries
OK light V-0002 Glitched Washed Pad 186M -> /mnt/btrfs_disk/DS Libraries
OK light V-0003 Glitched Washed Pad 236M -> /mnt/btrfs_disk/DS Libraries
OK light V-0004 Glitched Washed Pad 129M -> /mnt/btrfs_disk/DS Libraries
OK light Vinyl Player (DS) 18M -> /mnt/btrfs_disk/DS Libraries
OK light Vinyl Scratcher Lite 5M -> /mnt/btrfs_disk/DS Libraries
OK light Violin Experiments v1_2 1807M -> /mnt/btrfs_disk/DS Libraries
OK light Voodoo Drum's of Jakmel 14M -> /mnt/btrfs_disk/DS Libraries
OK light VSSVolcaFluteLoFiSamples 62M -> /mnt/btrfs_disk/DS Libraries
OK light Waterfall 37M -> /mnt/btrfs_disk/DS Libraries
OK light Wet Spanish Thumb 44M -> /mnt/btrfs_disk/DS Libraries
OK light wiedergesichts-wurli 62M -> /mnt/btrfs_disk/DS Libraries
OK light Wild Percussion (DS) 1M -> /mnt/btrfs_disk/DS Libraries
OK light Wind Chimes 50M -> /mnt/btrfs_disk/DS Libraries
OK light Women 4 syllables Choir 154M -> /mnt/btrfs_disk/DS Libraries
OK light Wooden Church of St. Nepomucen Free Edition (DS_EXS) 55M -> /mnt/btrfs_disk/DS Libraries
OK light Wooden Flute1 257M -> /mnt/btrfs_disk/DS Libraries
OK light World's Biggest Braaam (DS) 123M -> /mnt/btrfs_disk/DS Libraries
OK light Xylander-DistoredMemoriesOfYou 34M -> /mnt/btrfs_disk/DS Libraries
OK light YE_C55 203M -> /mnt/btrfs_disk/DS Libraries
OK light Yellow Bass Keyboard 28M -> /mnt/btrfs_disk/DS Libraries
OK light Yogurt(DS) 98M -> /mnt/btrfs_disk/DS Libraries
